src/lib/deed-template.ts(319,1): error TS1160: Unterminated template literal.
